// Jest Snapshot v1, https://goo.gl/fbAQLP

exports[`Tooltip tests Should match the snapshot 1`] = `
<span
  className="tooltip"
  data-testid="tooltip"
>
  help
  <i />
</span>
`;
